
[1] OpenAI Schema...
    - read_file: 璇诲彇 workspace 涓殑鏂囦欢鍐呭銆?
    - write_file: 鍦?workspace 涓垱寤烘垨瑕嗙洊鏂囦欢銆?
    - list_files: 鍒楀嚭 workspace 涓殑鎵€鏈夋枃浠跺拰鐩綍銆?
    - search_memory: 鎼滅储涓庢煇涓敤鎴风殑鍘嗗彶瀵硅瘽璁板繂銆傚綋浣犳兂鍥炲繂杩囧幓鑱婅繃鐨勪簨鎯呮椂浣跨敤銆?
    - write_note: 鍦ㄤ綘鐨勭瑪璁版湰涓婂啓涓嬩竴鏉＄瑪璁般€傜敤浜庤褰曢噸瑕佷俊鎭€佹湁瓒ｇ殑鍙戠幇銆佺敤鎴风殑鍠滃ソ绛変綘涓嶆兂蹇樿鐨勪簨鎯呫€?
    - read_notes: 鏌ョ湅浣犵殑绗旇鏈腑鐨勭瑪璁般€傚彲浠ユ悳绱㈢壒瀹氭爣绛炬垨鏌ョ湅鏈€杩戠殑绗旇銆?
  OK: 6 涓伐鍏峰凡娉ㄥ唽

[2] 鐢ㄦ埛涓婁笅鏂?..
  OK: 涓婁笅鏂囪缃垚鍔?

[3] 鏂囦欢鍐欏叆...
  OK: 鍐欏叆鎴愬姛

[4] 鏂囦欢璇诲彇...
  OK: 璇诲彇鍐呭姝ｇ‘

[5] 鏂囦欢鍒楄〃...
  OK: 鍒楄〃鍖呭惈鏂囦欢

[6] 璺緞绌胯秺闃叉姢...
  OK: 绌胯秺琚嫤鎴?

[7] 绗旇鏈?..
  OK: 绗旇鍐欏叆鎴愬姛
  OK: 绗旇璇诲彇鎴愬姛
  OK: 鏍囩杩囨护鎴愬姛

[10] 鏈煡宸ュ叿...
  OK: 鏈煡宸ュ叿杩斿洖閿欒

========================================
  10 passed, 0 failed
========================================

All tests passed!
